<?xml version="1.0" encoding="UTF-8"?>
<java version="12.0.1" class="java.beans.XMLDecoder">
 <object class="java.util.ArrayList"/>
</java>
